
> furniture-showroom@0.1.0 dev
> next dev

  ▲ Next.js 14.2.35
  - Local:        http://localhost:3000

 ✓ Starting...
 ✓ Ready in 2.6s
 ○ Compiling / ...
 ✓ Compiled / in 49.9s (2589 modules)
 GET / 200 in 53746ms
 ✓ Compiled in 8.4s (1274 modules)
 ✓ Compiled in 4.8s (1289 modules)
 ✓ Compiled in 912ms (1289 modules)
 ✓ Compiled in 3s (1289 modules)
 ✓ Compiled in 2.2s (1289 modules)
 ✓ Compiled in 1652ms (1289 modules)
 ✓ Compiled in 797ms (1289 modules)
 ✓ Compiled in 1551ms (1289 modules)
 ✓ Compiled in 1740ms (1289 modules)
 ✓ Compiled in 1615ms (1289 modules)
 ✓ Compiled in 1411ms (705 modules)
 ○ Compiling / ...
 ✓ Compiled / in 6.9s (730 modules)
 ○ Compiling /_not-found ...
 ✓ Compiled /_not-found in 1446ms (1424 modules)
